// Jest Snapshot v1, https://goo.gl/fbAQLP

exports[`Testing FoodQualityCheckout Screen renders as expected 1`] = `
<View
  style={
    Object {
      "backgroundColor": "white",
      "flex": 1,
    }
  }
>
  <Header
    backButton={false}
    onPress={[Function]}
    subTitle="Qualidade de Alimento"
    title="Lista de verificação"
  />
  <KeyboardAvoidingView
    behavior="padding"
    keyboardVerticalOffset={0}
    style={
      Object {
        "flex": 1,
        "flexDirection": "column",
      }
    }
  >
    <ScrollViewMock>
      <View>
        <View
          style={
            Object {
              "flexDirection": "row",
            }
          }
        >
          <Text
            accessible={true}
            allowFontScaling={true}
            disabled={false}
            ellipsizeMode="tail"
            style={
              Object {
                "fontWeight": "bold",
                "paddingHorizontal": 9.25,
                "paddingTop": 5,
              }
            }
          >
            Sim
          </Text>
          <Text
            accessible={true}
            allowFontScaling={true}
            disabled={false}
            ellipsizeMode="tail"
            style={
              Object {
                "fontWeight": "bold",
                "paddingHorizontal": 9.25,
                "paddingTop": 5,
              }
            }
          >
            Nao
          </Text>
        </View>
        <View
          key="0"
          style={
            Object {
              "alignItems": "center",
              "borderBottomColor": "darkgrey",
              "borderBottomWidth": 1,
              "flexDirection": "row",
              "paddingVertical": 5,
            }
          }
        >
          <View>
            <Checkbox
              checkboxStyle={
                Object {
                  "borderColor": "black",
                  "borderRadius": 2,
                  "borderWidth": 2,
                  "flexWrap": "wrap",
                  "height": 25,
                  "margin": 10,
                  "width": 25,
                }
              }
              defaultColor="#fff"
              disabled={false}
              disabledColor={null}
              onSelect={[Function]}
              selected={false}
              selectedColor="#008000"
            />
          </View>
          <View>
            <Checkbox
              checkboxStyle={
                Object {
                  "borderColor": "black",
                  "borderRadius": 2,
                  "borderWidth": 2,
                  "flexWrap": "wrap",
                  "height": 25,
                  "margin": 10,
                  "width": 25,
                }
              }
              defaultColor="#fff"
              disabled={false}
              disabledColor={null}
              onSelect={[Function]}
              selected={false}
              selectedColor="#B22222"
            />
          </View>
          <Text
            accessible={true}
            allowFontScaling={true}
            disabled={false}
            ellipsizeMode="tail"
            style={
              Object {
                "flex": 1,
                "fontSize": 15,
              }
            }
          >
            As refeições não são frescas
          </Text>
        </View>
        <View
          key="1"
          style={
            Object {
              "alignItems": "center",
              "borderBottomColor": "darkgrey",
              "borderBottomWidth": 1,
              "flexDirection": "row",
              "paddingVertical": 5,
            }
          }
        >
          <View>
            <Checkbox
              checkboxStyle={
                Object {
                  "borderColor": "black",
                  "borderRadius": 2,
                  "borderWidth": 2,
                  "flexWrap": "wrap",
                  "height": 25,
                  "margin": 10,
                  "width": 25,
                }
              }
              defaultColor="#fff"
              disabled={false}
              disabledColor={null}
              onSelect={[Function]}
              selected={false}
              selectedColor="#008000"
            />
          </View>
          <View>
            <Checkbox
              checkboxStyle={
                Object {
                  "borderColor": "black",
                  "borderRadius": 2,
                  "borderWidth": 2,
                  "flexWrap": "wrap",
                  "height": 25,
                  "margin": 10,
                  "width": 25,
                }
              }
              defaultColor="#fff"
              disabled={false}
              disabledColor={null}
              onSelect={[Function]}
              selected={false}
              selectedColor="#B22222"
            />
          </View>
          <Text
            accessible={true}
            allowFontScaling={true}
            disabled={false}
            ellipsizeMode="tail"
            style={
              Object {
                "flex": 1,
                "fontSize": 15,
              }
            }
          >
            As refeições não são saudáveis
          </Text>
        </View>
        <View
          key="2"
          style={
            Object {
              "alignItems": "center",
              "borderBottomColor": "darkgrey",
              "borderBottomWidth": 1,
              "flexDirection": "row",
              "paddingVertical": 5,
            }
          }
        >
          <View>
            <Checkbox
              checkboxStyle={
                Object {
                  "borderColor": "black",
                  "borderRadius": 2,
                  "borderWidth": 2,
                  "flexWrap": "wrap",
                  "height": 25,
                  "margin": 10,
                  "width": 25,
                }
              }
              defaultColor="#fff"
              disabled={false}
              disabledColor={null}
              onSelect={[Function]}
              selected={false}
              selectedColor="#008000"
            />
          </View>
          <View>
            <Checkbox
              checkboxStyle={
                Object {
                  "borderColor": "black",
                  "borderRadius": 2,
                  "borderWidth": 2,
                  "flexWrap": "wrap",
                  "height": 25,
                  "margin": 10,
                  "width": 25,
                }
              }
              defaultColor="#fff"
              disabled={false}
              disabledColor={null}
              onSelect={[Function]}
              selected={false}
              selectedColor="#B22222"
            />
          </View>
          <Text
            accessible={true}
            allowFontScaling={true}
            disabled={false}
            ellipsizeMode="tail"
            style={
              Object {
                "flex": 1,
                "fontSize": 15,
              }
            }
          >
            Não há variedade de alimentos
          </Text>
        </View>
        <View
          key="3"
          style={
            Object {
              "alignItems": "center",
              "borderBottomColor": "darkgrey",
              "borderBottomWidth": 1,
              "flexDirection": "row",
              "paddingVertical": 5,
            }
          }
        >
          <View>
            <Checkbox
              checkboxStyle={
                Object {
                  "borderColor": "black",
                  "borderRadius": 2,
                  "borderWidth": 2,
                  "flexWrap": "wrap",
                  "height": 25,
                  "margin": 10,
                  "width": 25,
                }
              }
              defaultColor="#fff"
              disabled={false}
              disabledColor={null}
              onSelect={[Function]}
              selected={false}
              selectedColor="#008000"
            />
          </View>
          <View>
            <Checkbox
              checkboxStyle={
                Object {
                  "borderColor": "black",
                  "borderRadius": 2,
                  "borderWidth": 2,
                  "flexWrap": "wrap",
                  "height": 25,
                  "margin": 10,
                  "width": 25,
                }
              }
              defaultColor="#fff"
              disabled={false}
              disabledColor={null}
              onSelect={[Function]}
              selected={false}
              selectedColor="#B22222"
            />
          </View>
          <Text
            accessible={true}
            allowFontScaling={true}
            disabled={false}
            ellipsizeMode="tail"
            style={
              Object {
                "flex": 1,
                "fontSize": 15,
              }
            }
          >
            O cardápio não está sendo seguido
          </Text>
        </View>
        <View
          key="4"
          style={
            Object {
              "alignItems": "center",
              "borderBottomColor": "darkgrey",
              "borderBottomWidth": 1,
              "flexDirection": "row",
              "paddingVertical": 5,
            }
          }
        >
          <View>
            <Checkbox
              checkboxStyle={
                Object {
                  "borderColor": "black",
                  "borderRadius": 2,
                  "borderWidth": 2,
                  "flexWrap": "wrap",
                  "height": 25,
                  "margin": 10,
                  "width": 25,
                }
              }
              defaultColor="#fff"
              disabled={false}
              disabledColor={null}
              onSelect={[Function]}
              selected={false}
              selectedColor="#008000"
            />
          </View>
          <View>
            <Checkbox
              checkboxStyle={
                Object {
                  "borderColor": "black",
                  "borderRadius": 2,
                  "borderWidth": 2,
                  "flexWrap": "wrap",
                  "height": 25,
                  "margin": 10,
                  "width": 25,
                }
              }
              defaultColor="#fff"
              disabled={false}
              disabledColor={null}
              onSelect={[Function]}
              selected={false}
              selectedColor="#B22222"
            />
          </View>
          <Text
            accessible={true}
            allowFontScaling={true}
            disabled={false}
            ellipsizeMode="tail"
            style={
              Object {
                "flex": 1,
                "fontSize": 15,
              }
            }
          >
            As refeições possuem má aparência
          </Text>
        </View>
        <View
          key="5"
          style={
            Object {
              "alignItems": "center",
              "borderBottomColor": "darkgrey",
              "borderBottomWidth": 1,
              "flexDirection": "row",
              "paddingVertical": 5,
            }
          }
        >
          <View>
            <Checkbox
              checkboxStyle={
                Object {
                  "borderColor": "black",
                  "borderRadius": 2,
                  "borderWidth": 2,
                  "flexWrap": "wrap",
                  "height": 25,
                  "margin": 10,
                  "width": 25,
                }
              }
              defaultColor="#fff"
              disabled={false}
              disabledColor={null}
              onSelect={[Function]}
              selected={false}
              selectedColor="#008000"
            />
          </View>
          <View>
            <Checkbox
              checkboxStyle={
                Object {
                  "borderColor": "black",
                  "borderRadius": 2,
                  "borderWidth": 2,
                  "flexWrap": "wrap",
                  "height": 25,
                  "margin": 10,
                  "width": 25,
                }
              }
              defaultColor="#fff"
              disabled={false}
              disabledColor={null}
              onSelect={[Function]}
              selected={false}
              selectedColor="#B22222"
            />
          </View>
          <Text
            accessible={true}
            allowFontScaling={true}
            disabled={false}
            ellipsizeMode="tail"
            style={
              Object {
                "flex": 1,
                "fontSize": 15,
              }
            }
          >
            A escola oferece alimentos proibidos
          </Text>
        </View>
        <View
          key="6"
          style={
            Object {
              "alignItems": "center",
              "borderBottomColor": "darkgrey",
              "borderBottomWidth": 1,
              "flexDirection": "row",
              "paddingVertical": 5,
            }
          }
        >
          <View>
            <Checkbox
              checkboxStyle={
                Object {
                  "borderColor": "black",
                  "borderRadius": 2,
                  "borderWidth": 2,
                  "flexWrap": "wrap",
                  "height": 25,
                  "margin": 10,
                  "width": 25,
                }
              }
              defaultColor="#fff"
              disabled={false}
              disabledColor={null}
              onSelect={[Function]}
              selected={false}
              selectedColor="#008000"
            />
          </View>
          <View>
            <Checkbox
              checkboxStyle={
                Object {
                  "borderColor": "black",
                  "borderRadius": 2,
                  "borderWidth": 2,
                  "flexWrap": "wrap",
                  "height": 25,
                  "margin": 10,
                  "width": 25,
                }
              }
              defaultColor="#fff"
              disabled={false}
              disabledColor={null}
              onSelect={[Function]}
              selected={false}
              selectedColor="#B22222"
            />
          </View>
          <Text
            accessible={true}
            allowFontScaling={true}
            disabled={false}
            ellipsizeMode="tail"
            style={
              Object {
                "flex": 1,
                "fontSize": 15,
              }
            }
          >
            A alimentação escolar deixou de ser servida na data da visita
          </Text>
        </View>
        <View
          key="7"
          style={
            Object {
              "alignItems": "center",
              "borderBottomColor": "darkgrey",
              "borderBottomWidth": 1,
              "flexDirection": "row",
              "paddingVertical": 5,
            }
          }
        >
          <View>
            <Checkbox
              checkboxStyle={
                Object {
                  "borderColor": "black",
                  "borderRadius": 2,
                  "borderWidth": 2,
                  "flexWrap": "wrap",
                  "height": 25,
                  "margin": 10,
                  "width": 25,
                }
              }
              defaultColor="#fff"
              disabled={false}
              disabledColor={null}
              onSelect={[Function]}
              selected={false}
              selectedColor="#008000"
            />
          </View>
          <View>
            <Checkbox
              checkboxStyle={
                Object {
                  "borderColor": "black",
                  "borderRadius": 2,
                  "borderWidth": 2,
                  "flexWrap": "wrap",
                  "height": 25,
                  "margin": 10,
                  "width": 25,
                }
              }
              defaultColor="#fff"
              disabled={false}
              disabledColor={null}
              onSelect={[Function]}
              selected={false}
              selectedColor="#B22222"
            />
          </View>
          <Text
            accessible={true}
            allowFontScaling={true}
            disabled={false}
            ellipsizeMode="tail"
            style={
              Object {
                "flex": 1,
                "fontSize": 15,
              }
            }
          >
            A maioria dos alunos rejeitou a alimentação oferecida
          </Text>
        </View>
        <View
          key="8"
          style={
            Object {
              "alignItems": "center",
              "borderBottomColor": "darkgrey",
              "borderBottomWidth": 1,
              "flexDirection": "row",
              "paddingVertical": 5,
            }
          }
        >
          <View>
            <Checkbox
              checkboxStyle={
                Object {
                  "borderColor": "black",
                  "borderRadius": 2,
                  "borderWidth": 2,
                  "flexWrap": "wrap",
                  "height": 25,
                  "margin": 10,
                  "width": 25,
                }
              }
              defaultColor="#fff"
              disabled={false}
              disabledColor={null}
              onSelect={[Function]}
              selected={false}
              selectedColor="#008000"
            />
          </View>
          <View>
            <Checkbox
              checkboxStyle={
                Object {
                  "borderColor": "black",
                  "borderRadius": 2,
                  "borderWidth": 2,
                  "flexWrap": "wrap",
                  "height": 25,
                  "margin": 10,
                  "width": 25,
                }
              }
              defaultColor="#fff"
              disabled={false}
              disabledColor={null}
              onSelect={[Function]}
              selected={false}
              selectedColor="#B22222"
            />
          </View>
          <Text
            accessible={true}
            allowFontScaling={true}
            disabled={false}
            ellipsizeMode="tail"
            style={
              Object {
                "flex": 1,
                "fontSize": 15,
              }
            }
          >
            Ausência de testes de aceitabilidade entre os alunos
          </Text>
        </View>
        <View
          key="9"
          style={
            Object {
              "alignItems": "center",
              "borderBottomColor": "darkgrey",
              "borderBottomWidth": 1,
              "flexDirection": "row",
              "paddingVertical": 5,
            }
          }
        >
          <View>
            <Checkbox
              checkboxStyle={
                Object {
                  "borderColor": "black",
                  "borderRadius": 2,
                  "borderWidth": 2,
                  "flexWrap": "wrap",
                  "height": 25,
                  "margin": 10,
                  "width": 25,
                }
              }
              defaultColor="#fff"
              disabled={false}
              disabledColor={null}
              onSelect={[Function]}
              selected={false}
              selectedColor="#008000"
            />
          </View>
          <View>
            <Checkbox
              checkboxStyle={
                Object {
                  "borderColor": "black",
                  "borderRadius": 2,
                  "borderWidth": 2,
                  "flexWrap": "wrap",
                  "height": 25,
                  "margin": 10,
                  "width": 25,
                }
              }
              defaultColor="#fff"
              disabled={false}
              disabledColor={null}
              onSelect={[Function]}
              selected={false}
              selectedColor="#B22222"
            />
          </View>
          <Text
            accessible={true}
            allowFontScaling={true}
            disabled={false}
            ellipsizeMode="tail"
            style={
              Object {
                "flex": 1,
                "fontSize": 15,
              }
            }
          >
            O cardápio não acompanha fichas técnicas de preparo
          </Text>
        </View>
        <View
          key="10"
          style={
            Object {
              "alignItems": "center",
              "borderBottomColor": "darkgrey",
              "borderBottomWidth": 1,
              "flexDirection": "row",
              "paddingVertical": 5,
            }
          }
        >
          <View>
            <Checkbox
              checkboxStyle={
                Object {
                  "borderColor": "black",
                  "borderRadius": 2,
                  "borderWidth": 2,
                  "flexWrap": "wrap",
                  "height": 25,
                  "margin": 10,
                  "width": 25,
                }
              }
              defaultColor="#fff"
              disabled={false}
              disabledColor={null}
              onSelect={[Function]}
              selected={false}
              selectedColor="#008000"
            />
          </View>
          <View>
            <Checkbox
              checkboxStyle={
                Object {
                  "borderColor": "black",
                  "borderRadius": 2,
                  "borderWidth": 2,
                  "flexWrap": "wrap",
                  "height": 25,
                  "margin": 10,
                  "width": 25,
                }
              }
              defaultColor="#fff"
              disabled={false}
              disabledColor={null}
              onSelect={[Function]}
              selected={false}
              selectedColor="#B22222"
            />
          </View>
          <Text
            accessible={true}
            allowFontScaling={true}
            disabled={false}
            ellipsizeMode="tail"
            style={
              Object {
                "flex": 1,
                "fontSize": 15,
              }
            }
          >
            O cardápio prevê a oferta de mais de duas porções de doces por semana
          </Text>
        </View>
        <View
          key="11"
          style={
            Object {
              "alignItems": "center",
              "borderBottomColor": "darkgrey",
              "borderBottomWidth": 1,
              "flexDirection": "row",
              "paddingVertical": 5,
            }
          }
        >
          <View>
            <Checkbox
              checkboxStyle={
                Object {
                  "borderColor": "black",
                  "borderRadius": 2,
                  "borderWidth": 2,
                  "flexWrap": "wrap",
                  "height": 25,
                  "margin": 10,
                  "width": 25,
                }
              }
              defaultColor="#fff"
              disabled={false}
              disabledColor={null}
              onSelect={[Function]}
              selected={false}
              selectedColor="#008000"
            />
          </View>
          <View>
            <Checkbox
              checkboxStyle={
                Object {
                  "borderColor": "black",
                  "borderRadius": 2,
                  "borderWidth": 2,
                  "flexWrap": "wrap",
                  "height": 25,
                  "margin": 10,
                  "width": 25,
                }
              }
              defaultColor="#fff"
              disabled={false}
              disabledColor={null}
              onSelect={[Function]}
              selected={false}
              selectedColor="#B22222"
            />
          </View>
          <Text
            accessible={true}
            allowFontScaling={true}
            disabled={false}
            ellipsizeMode="tail"
            style={
              Object {
                "flex": 1,
                "fontSize": 15,
              }
            }
          >
            O cardápio não prevê a oferta de, no mínimo, três porções de frutas e hortaliças por semana
          </Text>
        </View>
        <View
          key="12"
          style={
            Object {
              "alignItems": "center",
              "borderBottomColor": "darkgrey",
              "borderBottomWidth": 1,
              "flexDirection": "row",
              "paddingVertical": 5,
            }
          }
        >
          <View>
            <Checkbox
              checkboxStyle={
                Object {
                  "borderColor": "black",
                  "borderRadius": 2,
                  "borderWidth": 2,
                  "flexWrap": "wrap",
                  "height": 25,
                  "margin": 10,
                  "width": 25,
                }
              }
              defaultColor="#fff"
              disabled={false}
              disabledColor={null}
              onSelect={[Function]}
              selected={false}
              selectedColor="#008000"
            />
          </View>
          <View>
            <Checkbox
              checkboxStyle={
                Object {
                  "borderColor": "black",
                  "borderRadius": 2,
                  "borderWidth": 2,
                  "flexWrap": "wrap",
                  "height": 25,
                  "margin": 10,
                  "width": 25,
                }
              }
              defaultColor="#fff"
              disabled={false}
              disabledColor={null}
              onSelect={[Function]}
              selected={false}
              selectedColor="#B22222"
            />
          </View>
          <Text
            accessible={true}
            allowFontScaling={true}
            disabled={false}
            ellipsizeMode="tail"
            style={
              Object {
                "flex": 1,
                "fontSize": 15,
              }
            }
          >
            A alimentação escolar não tem paladar saboroso e gostoso
          </Text>
        </View>
        <View
          key="13"
          style={
            Object {
              "alignItems": "center",
              "borderBottomColor": "darkgrey",
              "borderBottomWidth": 1,
              "flexDirection": "row",
              "paddingVertical": 5,
            }
          }
        >
          <View>
            <Checkbox
              checkboxStyle={
                Object {
                  "borderColor": "black",
                  "borderRadius": 2,
                  "borderWidth": 2,
                  "flexWrap": "wrap",
                  "height": 25,
                  "margin": 10,
                  "width": 25,
                }
              }
              defaultColor="#fff"
              disabled={false}
              disabledColor={null}
              onSelect={[Function]}
              selected={false}
              selectedColor="#008000"
            />
          </View>
          <View>
            <Checkbox
              checkboxStyle={
                Object {
                  "borderColor": "black",
                  "borderRadius": 2,
                  "borderWidth": 2,
                  "flexWrap": "wrap",
                  "height": 25,
                  "margin": 10,
                  "width": 25,
                }
              }
              defaultColor="#fff"
              disabled={false}
              disabledColor={null}
              onSelect={[Function]}
              selected={false}
              selectedColor="#B22222"
            />
          </View>
          <Text
            accessible={true}
            allowFontScaling={true}
            disabled={false}
            ellipsizeMode="tail"
            style={
              Object {
                "flex": 1,
                "fontSize": 15,
              }
            }
          >
            Não há variedade nos cardápios
          </Text>
        </View>
        <View
          key="14"
          style={
            Object {
              "alignItems": "center",
              "borderBottomColor": "darkgrey",
              "borderBottomWidth": 1,
              "flexDirection": "row",
              "paddingVertical": 5,
            }
          }
        >
          <View>
            <Checkbox
              checkboxStyle={
                Object {
                  "borderColor": "black",
                  "borderRadius": 2,
                  "borderWidth": 2,
                  "flexWrap": "wrap",
                  "height": 25,
                  "margin": 10,
                  "width": 25,
                }
              }
              defaultColor="#fff"
              disabled={false}
              disabledColor={null}
              onSelect={[Function]}
              selected={false}
              selectedColor="#008000"
            />
          </View>
          <View>
            <Checkbox
              checkboxStyle={
                Object {
                  "borderColor": "black",
                  "borderRadius": 2,
                  "borderWidth": 2,
                  "flexWrap": "wrap",
                  "height": 25,
                  "margin": 10,
                  "width": 25,
                }
              }
              defaultColor="#fff"
              disabled={false}
              disabledColor={null}
              onSelect={[Function]}
              selected={false}
              selectedColor="#B22222"
            />
          </View>
          <Text
            accessible={true}
            allowFontScaling={true}
            disabled={false}
            ellipsizeMode="tail"
            style={
              Object {
                "flex": 1,
                "fontSize": 15,
              }
            }
          >
            Os cardápios não estão afixados para visualização dos alunos e comunidade escolar
          </Text>
        </View>
      </View>
      <View>
        <Text
          accessible={true}
          allowFontScaling={true}
          disabled={false}
          ellipsizeMode="tail"
          style={
            Object {
              "fontSize": 15,
              "marginLeft": 15,
              "marginTop": 15,
            }
          }
        >
          Qual o cardápio mais aceito?
        </Text>
        <View
          style={
            Object {
              "marginHorizontal": 10,
              "marginTop": 5,
            }
          }
        >
          <TextInput
            multiline={true}
            onChangeText={[Function]}
            placeholder="Observação sobre o cardápio"
            style={
              Object {
                "borderRadius": 12,
                "borderWidth": 1,
                "fontSize": 37.5,
                "height": 333.5,
                "paddingLeft": 10,
                "paddingTop": 10,
                "textAlignVertical": "top",
              }
            }
            underlineColorAndroid="transparent"
          />
        </View>
      </View>
      <View>
        <Text
          accessible={true}
          allowFontScaling={true}
          disabled={false}
          ellipsizeMode="tail"
          style={
            Object {
              "fontSize": 15,
              "marginLeft": 15,
              "marginTop": 15,
            }
          }
        >
          Qual o cardápio menos aceito?
        </Text>
        <View
          style={
            Object {
              "marginHorizontal": 10,
              "marginTop": 5,
            }
          }
        >
          <TextInput
            multiline={true}
            onChangeText={[Function]}
            placeholder="Observação sobre o cardápio"
            style={
              Object {
                "borderRadius": 12,
                "borderWidth": 1,
                "fontSize": 37.5,
                "height": 333.5,
                "paddingLeft": 10,
                "paddingTop": 10,
                "textAlignVertical": "top",
              }
            }
            underlineColorAndroid="transparent"
          />
        </View>
      </View>
      <View
        behavior="padding"
      >
        <Text
          accessible={true}
          allowFontScaling={true}
          disabled={false}
          ellipsizeMode="tail"
          style={
            Object {
              "fontSize": 15,
              "marginLeft": 15,
              "marginTop": 15,
            }
          }
        >
          Alguma observação adicional? Insira aqui. (Opcional)
        </Text>
        <View
          style={
            Object {
              "marginHorizontal": 10,
              "marginTop": 5,
            }
          }
        >
          <TextInput
            multiline={true}
            onChangeText={[Function]}
            placeholder="Observações gerais (opcional)"
            style={
              Object {
                "borderRadius": 12,
                "borderWidth": 1,
                "fontSize": 37.5,
                "height": 333.5,
                "paddingLeft": 10,
                "paddingTop": 10,
                "textAlignVertical": "top",
              }
            }
            underlineColorAndroid="transparent"
            value=""
          />
        </View>
      </View>
      <TouchableOpacity
        activeOpacity={0.2}
        key="setObservation"
        onPress={[Function]}
        style={
          Object {
            "alignItems": "center",
            "backgroundColor": "#FF9500",
            "borderRadius": 7,
            "borderWidth": 1,
            "marginHorizontal": 15,
            "marginVertical": 30,
            "paddingVertical": 15,
          }
        }
      >
        <Text
          accessible={true}
          allowFontScaling={true}
          disabled={false}
          ellipsizeMode="tail"
          style={
            Object {
              "color": "#FFF",
              "fontSize": 15,
              "textAlign": "center",
            }
          }
        >
          Concluir
        </Text>
      </TouchableOpacity>
    </ScrollViewMock>
  </KeyboardAvoidingView>
</View>
`;
