// Jest Snapshot v1, https://goo.gl/fbAQLP

exports[`Testing LoginCounselor renders as expected 1`] = `
<View
  style={
    Object {
      "flex": 1,
    }
  }
>
  <Header
    backButton={false}
    onPress={[Function]}
    subTitle=""
    title="Merenda +"
  />
  <KeyboardAvoidingView
    behavior="padding"
    keyboardVerticalOffset={0}
    style={
      Object {
        "backgroundColor": "white",
        "flex": 6,
        "justifyContent": "center",
        "paddingHorizontal": 18,
      }
    }
  >
    <EmailField
      callback={[Function]}
      onSubmitEditing={[Function]}
      placeholder="Email"
      size={28}
      value=""
      width={null}
    />
    <PasswordField
      callback={[Function]}
      focus={false}
      isPassword={true}
      password=""
      passwordCompared=""
      placeholder="Digite sua senha"
      size={28}
      width=""
    />
    <ButtonWithActivityIndicator
      activityIndicatorStyle={
        Object {
          "marginTop": 50,
          "paddingVertical": 13,
        }
      }
      buttonKey="LoginCounselor"
      buttonStyle={
        Object {
          "alignItems": "center",
          "backgroundColor": "#FF9500",
          "borderRadius": 8,
          "borderWidth": 1,
          "marginTop": 50,
          "paddingVertical": 18,
        }
      }
      buttonText="Entrar"
      isLoading={false}
      onPress={[Function]}
    />
  </KeyboardAvoidingView>
  <View
    style={
      Object {
        "alignItems": "center",
        "backgroundColor": "white",
        "borderTopColor": "#a9a9a9",
        "borderTopWidth": 1,
        "flex": 0.5,
        "justifyContent": "center",
      }
    }
  >
    <TouchableOpacity
      activeOpacity={0.6}
      onPress={[Function]}
    >
      <Text
        accessible={true}
        allowFontScaling={true}
        disabled={false}
        ellipsizeMode="tail"
      >
        Ainda n√£o se cadastrou?
        <Text
          accessible={true}
          allowFontScaling={true}
          disabled={false}
          ellipsizeMode="tail"
          style={
            Object {
              "color": "#0000FF",
            }
          }
        >
           Cadastrar-se
        </Text>
      </Text>
    </TouchableOpacity>
  </View>
</View>
`;
